{
    "expr_vcf": {
        "content": [
            {
                "0": [
                    [
                        {
                            "id": "test"
                        },
                        "variants.test.snv.vep.ch.vcf.gz:md5,af01c66f80250cb1e83f6073670a2360"
                    ]
                ],
                "1": [
                    [
                        {
                            "id": "test"
                        },
                        "test.expr.slivar.summary.txt:md5,559ade3b5b1aaf44a0690cbfa5b76c65"
                    ]
                ],
                "2": [
                    "versions.yml:md5,ee5f1534181ef37c56f760d7ecc87015"
                ],
                "summary": [
                    [
                        {
                            "id": "test"
                        },
                        "test.expr.slivar.summary.txt:md5,559ade3b5b1aaf44a0690cbfa5b76c65"
                    ]
                ],
                "vcf": [
                    [
                        {
                            "id": "test"
                        },
                        "variants.test.snv.vep.ch.vcf.gz:md5,af01c66f80250cb1e83f6073670a2360"
                    ]
                ]
            }
        ],
        "meta": {
            "nf-test": "0.9.3",
            "nextflow": "24.10.5"
        },
        "timestamp": "2026-04-15T13:41:32.947348"
    },
    "js_expr_vcf": {
        "content": [
            {
                "0": [
                    [
                        {
                            "id": "test"
                        },
                        "variants.test.snv.vep.ch.vcf.gz:md5,509702b6fe8b48d6a971d4cbdaff8cff"
                    ]
                ],
                "1": [
                    [
                        {
                            "id": "test"
                        },
                        "test.expr.slivar.summary.txt:md5,7269e5ca1c550fc77d4fa565b267d8d5"
                    ]
                ],
                "2": [
                    "versions.yml:md5,ee5f1534181ef37c56f760d7ecc87015"
                ],
                "summary": [
                    [
                        {
                            "id": "test"
                        },
                        "test.expr.slivar.summary.txt:md5,7269e5ca1c550fc77d4fa565b267d8d5"
                    ]
                ],
                "vcf": [
                    [
                        {
                            "id": "test"
                        },
                        "variants.test.snv.vep.ch.vcf.gz:md5,509702b6fe8b48d6a971d4cbdaff8cff"
                    ]
                ]
            }
        ],
        "meta": {
            "nf-test": "0.9.3",
            "nextflow": "24.10.5"
        },
        "timestamp": "2026-04-15T13:41:37.83654"
    },
    "expr_vcf-stub": {
        "content": [
            {
                "0": [
                    [
                        {
                            "id": "test_stub"
                        },
                        "variants.test_stub.snv.vep.ch.vcf.gz:md5,68b329da9893e34099c7d8ad5cb9c940"
                    ]
                ],
                "1": [
                    [
                        {
                            "id": "test_stub"
                        },
                        "test_stub.expr.slivar.summary.txt:md5,d41d8cd98f00b204e9800998ecf8427e"
                    ]
                ],
                "2": [
                    "versions.yml:md5,ee5f1534181ef37c56f760d7ecc87015"
                ],
                "summary": [
                    [
                        {
                            "id": "test_stub"
                        },
                        "test_stub.expr.slivar.summary.txt:md5,d41d8cd98f00b204e9800998ecf8427e"
                    ]
                ],
                "vcf": [
                    [
                        {
                            "id": "test_stub"
                        },
                        "variants.test_stub.snv.vep.ch.vcf.gz:md5,68b329da9893e34099c7d8ad5cb9c940"
                    ]
                ]
            }
        ],
        "meta": {
            "nf-test": "0.9.3",
            "nextflow": "24.10.5"
        },
        "timestamp": "2026-04-15T13:41:42.347317"
    }
}