{
    "-profile test": {
        "content": [
            58,
            [
                "applyvqsrindel",
                "applyvqsrindel/family1.snpindel.vqsr_99.vcf.gz",
                "applyvqsrindel/family1.snpindel.vqsr_99.vcf.gz.tbi",
                "applyvqsrindel/family4.snpindel.vqsr_99.vcf.gz",
                "applyvqsrindel/family4.snpindel.vqsr_99.vcf.gz.tbi",
                "applyvqsrsnp",
                "applyvqsrsnp/family1.snp.vqsr_99.vcf.gz",
                "applyvqsrsnp/family1.snp.vqsr_99.vcf.gz.tbi",
                "applyvqsrsnp/family4.snp.vqsr_99.vcf.gz",
                "applyvqsrsnp/family4.snp.vqsr_99.vcf.gz.tbi",
                "bcftools",
                "bcftools/family1.NA19238.filtered.vcf.gz",
                "bcftools/family1.NA19238.filtered.vcf.gz.tbi",
                "bcftools/family1.NA19238.normalized.vcf.gz",
                "bcftools/family1.NA19238.normalized.vcf.gz.tbi",
                "bcftools/family1.NA19238.standardized.g.vcf.gz",
                "bcftools/family1.NA19238.standardized.g.vcf.gz.tbi",
                "bcftools/family1.NA19239.filtered.vcf.gz",
                "bcftools/family1.NA19239.filtered.vcf.gz.tbi",
                "bcftools/family1.NA19239.normalized.vcf.gz",
                "bcftools/family1.NA19239.normalized.vcf.gz.tbi",
                "bcftools/family1.NA19239.standardized.g.vcf.gz",
                "bcftools/family1.NA19239.standardized.g.vcf.gz.tbi",
                "bcftools/family1.NA19240.filtered.vcf.gz",
                "bcftools/family1.NA19240.filtered.vcf.gz.tbi",
                "bcftools/family1.NA19240.normalized.vcf.gz",
                "bcftools/family1.NA19240.normalized.vcf.gz.tbi",
                "bcftools/family1.NA19240.standardized.g.vcf.gz",
                "bcftools/family1.NA19240.standardized.g.vcf.gz.tbi",
                "bcftools/family2.NA19240.filtered.vcf.gz",
                "bcftools/family2.NA19240.filtered.vcf.gz.tbi",
                "bcftools/family2.NA19240.normalized.vcf.gz",
                "bcftools/family2.NA19240.normalized.vcf.gz.tbi",
                "bcftools/family2.NA19240.standardized.g.vcf.gz",
                "bcftools/family2.NA19240.standardized.g.vcf.gz.tbi",
                "bcftools/family3.NA19238.filtered.vcf.gz",
                "bcftools/family3.NA19238.filtered.vcf.gz.tbi",
                "bcftools/family3.NA19238.normalized.vcf.gz",
                "bcftools/family3.NA19238.normalized.vcf.gz.tbi",
                "bcftools/family3.NA19238.standardized.g.vcf.gz",
                "bcftools/family3.NA19238.standardized.g.vcf.gz.tbi",
                "bcftools/family3.NA19240.filtered.vcf.gz",
                "bcftools/family3.NA19240.filtered.vcf.gz.tbi",
                "bcftools/family3.NA19240.normalized.vcf.gz",
                "bcftools/family3.NA19240.normalized.vcf.gz.tbi",
                "bcftools/family3.NA19240.standardized.g.vcf.gz",
                "bcftools/family3.NA19240.standardized.g.vcf.gz.tbi",
                "bcftools/family4.NA21118.filtered.vcf.gz",
                "bcftools/family4.NA21118.filtered.vcf.gz.tbi",
                "bcftools/family4.NA21118.normalized.vcf.gz",
                "bcftools/family4.NA21118.normalized.vcf.gz.tbi",
                "bcftools/family4.NA21118.standardized.g.vcf.gz",
                "bcftools/family4.NA21118.standardized.g.vcf.gz.tbi",
                "combinegvcfs",
                "combinegvcfs/family1.combined.g.vcf.gz",
                "combinegvcfs/family1.combined.g.vcf.gz.tbi",
                "combinegvcfs/family3.combined.g.vcf.gz",
                "combinegvcfs/family3.combined.g.vcf.gz.tbi",
                "csv",
                "csv/ensemblvep.csv",
                "csv/exomiser.csv",
                "ensemblvep",
                "ensemblvep/variants.family1.snv.vep.vcf.gz",
                "ensemblvep/variants.family1.snv.vep.vcf.gz.tbi",
                "ensemblvep/variants.family2.snv.vep.vcf.gz",
                "ensemblvep/variants.family2.snv.vep.vcf.gz.tbi",
                "ensemblvep/variants.family3.snv.vep.vcf.gz",
                "ensemblvep/variants.family3.snv.vep.vcf.gz.tbi",
                "ensemblvep/variants.family4.snv.vep.vcf.gz",
                "ensemblvep/variants.family4.snv.vep.vcf.gz.tbi",
                "exomiser",
                "exomiser/family1.exomiser.genes.tsv",
                "exomiser/family1.exomiser.html",
                "exomiser/family1.exomiser.json",
                "exomiser/family1.exomiser.variants.tsv",
                "exomiser/family1.exomiser.vcf.gz",
                "exomiser/family1.exomiser.vcf.gz.tbi",
                "exomiser/family3.exomiser.genes.tsv",
                "exomiser/family3.exomiser.html",
                "exomiser/family3.exomiser.json",
                "exomiser/family3.exomiser.variants.tsv",
                "exomiser/family3.exomiser.vcf.gz",
                "exomiser/family3.exomiser.vcf.gz.tbi",
                "gatk4",
                "gatk4/family1.genotyped.vcf.gz",
                "gatk4/family1.genotyped.vcf.gz.tbi",
                "gatk4/family1.snp.vqsr.recal",
                "gatk4/family1.snp.vqsr.recal.idx",
                "gatk4/family1.snp.vqsr.tranches",
                "gatk4/family2.genotyped.vcf.gz",
                "gatk4/family2.genotyped.vcf.gz.tbi",
                "gatk4/family2.hardfiltered.vcf.gz",
                "gatk4/family2.hardfiltered.vcf.gz.tbi",
                "gatk4/family3.genotyped.vcf.gz",
                "gatk4/family3.genotyped.vcf.gz.tbi",
                "gatk4/family3.hardfiltered.vcf.gz",
                "gatk4/family3.hardfiltered.vcf.gz.tbi",
                "gatk4/family4.genotyped.vcf.gz",
                "gatk4/family4.genotyped.vcf.gz.tbi",
                "gatk4/family4.snp.vqsr.recal",
                "gatk4/family4.snp.vqsr.recal.idx",
                "gatk4/family4.snp.vqsr.tranches",
                "pipeline_info",
                "pipeline_info/configs",
                "pipeline_info/configs/nextflow.config",
                "pipeline_info/nextflow.log",
                "slivar",
                "slivar/family1.ch.slivar.summary.txt",
                "slivar/family1.expr.slivar.summary.txt",
                "slivar/family2.ch.slivar.summary.txt",
                "slivar/family2.expr.slivar.summary.txt",
                "slivar/variants.family1.snv.vep.slivar.vcf.gz",
                "slivar/variants.family1.snv.vep.slivar.vcf.gz.tbi",
                "slivar/variants.family2.snv.vep.slivar.vcf.gz",
                "slivar/variants.family2.snv.vep.slivar.vcf.gz.tbi",
                "variantrecalibratorindel",
                "variantrecalibratorindel/family1.recal",
                "variantrecalibratorindel/family1.recal.idx",
                "variantrecalibratorindel/family1.tranches",
                "variantrecalibratorindel/family4.recal",
                "variantrecalibratorindel/family4.recal.idx",
                "variantrecalibratorindel/family4.tranches"
            ]
        ],
        "meta": {
            "nf-test": "0.9.3",
            "nextflow": "24.10.5"
        },
        "timestamp": "2026-05-20T18:09:11.320794"
    }
}